// Vitest Snapshot v1, https://vitest.dev/guide/snapshot.html

exports[`getRankedState > sorts the zones by carbon intensity in ascending order 1`] = `
[
  {
    "co2intensity": 5,
    "color": "color",
    "countryName": "",
    "enCountryName": "zoneShortName.zone2.countryName",
    "enZoneName": "zoneShortName.zone2.zoneName",
    "ranking": 1,
    "zoneId": "zone2",
    "zoneName": "",
  },
  {
    "co2intensity": 10,
    "color": "color",
    "countryName": "",
    "enCountryName": "zoneShortName.zone1.countryName",
    "enZoneName": "zoneShortName.zone1.zoneName",
    "ranking": 2,
    "zoneId": "zone1",
    "zoneName": "",
  },
  {
    "co2intensity": 15,
    "color": "color",
    "countryName": "",
    "enCountryName": "zoneShortName.zone4.countryName",
    "enZoneName": "zoneShortName.zone4.zoneName",
    "ranking": 3,
    "zoneId": "zone4",
    "zoneName": "",
  },
  {
    "co2intensity": 25,
    "color": "color",
    "countryName": "",
    "enCountryName": "zoneShortName.zone6.countryName",
    "enZoneName": "zoneShortName.zone6.zoneName",
    "ranking": 4,
    "zoneId": "zone6",
    "zoneName": "",
  },
  {
    "co2intensity": 25,
    "color": "color",
    "countryName": "",
    "enCountryName": "zoneShortName.zone8.countryName",
    "enZoneName": "zoneShortName.zone8.zoneName",
    "ranking": 5,
    "zoneId": "zone8",
    "zoneName": "",
  },
]
`;

exports[`getRankedState > sorts the zones by carbon intensity in descending order 1`] = `
[
  {
    "co2intensity": 25,
    "color": "color",
    "countryName": "",
    "enCountryName": "zoneShortName.zone6.countryName",
    "enZoneName": "zoneShortName.zone6.zoneName",
    "ranking": 1,
    "zoneId": "zone6",
    "zoneName": "",
  },
  {
    "co2intensity": 25,
    "color": "color",
    "countryName": "",
    "enCountryName": "zoneShortName.zone8.countryName",
    "enZoneName": "zoneShortName.zone8.zoneName",
    "ranking": 2,
    "zoneId": "zone8",
    "zoneName": "",
  },
  {
    "co2intensity": 15,
    "color": "color",
    "countryName": "",
    "enCountryName": "zoneShortName.zone4.countryName",
    "enZoneName": "zoneShortName.zone4.zoneName",
    "ranking": 3,
    "zoneId": "zone4",
    "zoneName": "",
  },
  {
    "co2intensity": 10,
    "color": "color",
    "countryName": "",
    "enCountryName": "zoneShortName.zone1.countryName",
    "enZoneName": "zoneShortName.zone1.zoneName",
    "ranking": 4,
    "zoneId": "zone1",
    "zoneName": "",
  },
  {
    "co2intensity": 5,
    "color": "color",
    "countryName": "",
    "enCountryName": "zoneShortName.zone2.countryName",
    "enZoneName": "zoneShortName.zone2.zoneName",
    "ranking": 5,
    "zoneId": "zone2",
    "zoneName": "",
  },
]
`;
